[run] start_utc=2026-03-07T18:43:15Z
[run] step=verify_all
[verify] Python: Python 3.11.14
[verify] TITAN_OFFLINE=1
[verify] Secret scan ...
OK: no secret patterns detected in tracked files.
[verify] Pytest ...
................................s....................................... [ 63%]
s........................................                                [100%]
=============================== warnings summary ===============================
.titan-venv/lib/python3.11/site-packages/torch/jit/_script.py:1480
.titan-venv/lib/python3.11/site-packages/torch/jit/_script.py:1480
.titan-venv/lib/python3.11/site-packages/torch/jit/_script.py:1480
  <REPO_ROOT>/.titan-venv/lib/python3.11/site-packages/torch/jit/_script.py:1480: DeprecationWarning: `torch.jit.script` is deprecated. Please switch to `torch.compile` or `torch.export`.
    warnings.warn(

<frozen importlib._bootstrap>:241
  <frozen importlib._bootstrap>:241: DeprecationWarning: builtin type SwigPyPacked has no __module__ attribute

<frozen importlib._bootstrap>:241
  <frozen importlib._bootstrap>:241: DeprecationWarning: builtin type SwigPyObject has no __module__ attribute

scripts/test_onnx_export.py::test_export
  /opt/homebrew/Cellar/python@3.11/3.11.14_3/Frameworks/Python.framework/Versions/3.11/lib/python3.11/copyreg.py:105: FutureWarning: `isinstance(treespec, LeafSpec)` is deprecated, use `isinstance(treespec, TreeSpec) and treespec.is_leaf()` instead.
    return cls.__new__(cls, *args)

-- Docs: https://docs.pytest.org/en/stable/how-to/capture-warnings.html
111 passed, 3 skipped, 6 warnings in 33.55s
[verify] Preflight (offline) ...
✈️ ============================================================
✈️ 🚀 MERTFORMER TITAN - ULTIMATE PREFLIGHT JUDGE 🚀
✈️ ============================================================
⚠️ .env file not found, skipping local load.
✈️ STEP 1: SECRET SCAN...
⚠️ HF_TOKEN missing (offline mode): OK (online checks will be skipped).
⚠️ WANDB_API_KEY missing (offline mode): OK (WandB checks disabled).
✅ Secrets check completed.
✈️ STEP 2: ARCHITECTURAL AUDIT...
✅ Layer configuration validated: No Liquid/MoE conflicts.
✅ MLA Dimensions: Consistent (2048 features).
✅ BitNet b1.58 logic: ACTIVE (Locked).
✈️ STEP 3: DATA & DISTILLATION TEST...
✈️ Offline mode: skipping Hugging Face connectivity checks.
🛡️ Teacher Model mocked (Prevented 140GB download).
⚙️  Pre-computing logits for preflight...
🔄 Resuming from Chunk 0

Distilling preflight (Chunk 0): 0it [00:00, ?it/s]✅ Saved Final Chunk 0: <REPO_ROOT>/temp_preflight_logits/preflight_test_part_0.pt

Distilling preflight (Chunk 0): 0it [00:00, ?it/s]
✅ Distillation pipeline: PROVEN (Logits generated/saved).
✈️ STEP 4: MOE GURU LEARNING TEST...
✈️ 🏗️  CONFIG: Using 'Mini-Titan' (2 Layers, 256 Hidden, forced MoE/Liquid) for RAM safety.
✈️ Checking Architectural Gradient Health...
✅ MoE Learning: PROVEN (48 expert params receiving gradients).
✅ Liquid Dynamics: PROVEN (7 liquid params receiving gradients).
✈️ Shared Expert Grad: OK
✅ MertFormer forward/backward pass verified.
✅ OVERALL SYSTEM STATUS: 100% PROTECTED & READY.
✈️ CLEANUP: Removing temporary files...
✈️ Removed <REPO_ROOT>/temp_preflight_data
✈️ Removed <REPO_ROOT>/temp_preflight_logits
✅ CLEANUP: Done.
✈️ Preflight Duration: 1.12s
✈️ ============================================================
✈️ RESULT: 🏆 ALL GREEN
✈️ Full Report: <REPO_ROOT>/logs/preflight/titan_preflight.log
✈️ ============================================================
[verify] Operator mode gate (safe, offline) ...
Checkpoint restore drill: PASS
Failure budget drill: PASS
Overfit step 0: loss=121.5519
Overfit step 12: loss=117.8494
Overfit step 24: loss=113.7169
Overfit step 36: loss=97.5477
Overfit step 48: loss=50.8441
Overfit gate: PASS
Golden samples: 50
- algorithms: 13
- cli: 1
- concurrency: 2
- config: 1
- data: 3
- data_structures: 4
- database: 1
- debugging: 2
- errors: 1
- files: 1
- logging: 1
- math: 1
- metrics: 1
- ml: 1
- networking: 2
- parsing: 1
- performance: 2
- refactor: 2
- regex: 1
- security: 2
- serialization: 1
- streaming: 1
- system: 1
- tests: 2
- text: 1
- time: 1
Golden sample eval: PASS
Benchmark runner configured. Use --run to execute.
{
  "status": "completed",
  "elapsed_sec": 14.742725133895874,
  "results": [
    {
      "step": "nan_kill_switch",
      "status": "pass"
    },
    {
      "step": "checkpoint_restore_drill",
      "status": "pass"
    },
    {
      "step": "failure_budget_drill",
      "status": "pass"
    },
    {
      "step": "overfit_gate",
      "status": "pass_fast"
    },
    {
      "step": "golden_samples",
      "status": "pass"
    },
    {
      "step": "telemetry_snapshot",
      "status": "pass",
      "snapshot": {
        "timestamp_utc": "2026-03-07T18:44:12Z",
        "cpu_percent": 22.1,
        "ram_used_gb": 5.7971038818359375,
        "ram_total_gb": 16.0
      }
    },
    {
      "step": "benchmarks",
      "status": "ready"
    }
  ]
}
[verify] Closure 57 matrix gate (strict in-scope pending) ...
{"total_items": 57, "green_items": 57, "all_green": true, "no_pending_in_scope": true, "in_scope_pending_ids": [], "out_of_scope_pending_ids": [8, 9, 11, 12, 51, 52, 54, 55, 56, 57], "evidence_pending_ids": [8, 9, 11, 12, 51, 52, 54, 55, 56, 57]}
[verify] Tokenizer sync gate ...
canonical=<REPO_ROOT>/interfaces/tokenizer_spec.json
mirror=<REPO_ROOT>/tokenizer/tokenizer.json
canonical_sha256=21d29a6ad849dd9ef567e5d750e15ac08d4d445bd0985bb736f40c66a18fa95e
mirror_sha256=21d29a6ad849dd9ef567e5d750e15ac08d4d445bd0985bb736f40c66a18fa95e
OK: tokenizer spec files are byte-identical
[verify] Translation pointer policy gate ...
OK: translation pointer policy satisfied
[verify] Documentation claim consistency gate ...
OK: documentation claim consistency checks passed
[verify] Unicode path guard gate ...
OK: unicode path guard; hits=0
[verify] Duplicate zip guard gate ...
OK: duplicate zip guard; groups=0
[verify] Manifest sync gate ...
{"manifest_entries": 476, "ok": true}
[verify] OK
[run] step=md_quality_all
md_quality: scope=all files=249 errors=0 warnings=0
[run] step=linkcheck_all
linkcheck: scope=all files=249 missing=0
[run] step=docs_inventory
{"ok": true, "md_files": 251, "dup_groups": 21}
[run] step=sync_manifest
{"manifest_entries": 476, "ok": true}
[run] step=dealroom_sync
{"ok": true}
[run] step=unicode_path_guard
OK: unicode path guard; hits=0
[run] step=duplicate_zip_guard
OK: duplicate zip guard; groups=0
[run] step=intermediate_cache_cleanup
[runner] cmd=bash -lc true
[runner] cleanup_root=<REPO_ROOT>
[runner] include_tool_caches=True full_clean=True include_venv_caches=True dry_run=False
[cleanup] dirs_found=549 files_found=0 dirs_removed=549 files_removed=0
[run] step=clean_runtime_artifacts_check
OK: runtime artifacts and caches are clean
[run] step=release_build30
canonical=<REPO_ROOT>/interfaces/tokenizer_spec.json
mirror=<REPO_ROOT>/tokenizer/tokenizer.json
canonical_sha256=21d29a6ad849dd9ef567e5d750e15ac08d4d445bd0985bb736f40c66a18fa95e
mirror_sha256=21d29a6ad849dd9ef567e5d750e15ac08d4d445bd0985bb736f40c66a18fa95e
OK: tokenizer spec files are byte-identical
{
  "zip_path": "<REPO_ROOT>/packages/MertFormer_Titan_OnyxStorm_v1.0_B30_Release.zip",
  "ok": true,
  "deny_hits": [],
  "secret_hits": [],
  "deny_count": 0,
  "secret_count": 0
}
WARN: AGE_RECIPIENT_FILE missing; skipping locked secure .age artifact.
release_zip=<REPO_ROOT>/packages/MertFormer_Titan_OnyxStorm_v1.0_B30_Release.zip
release_sha256=2924e3405138093ae9c9d647a93c88e77e839617f09c78d47bc23caf88dc01bf
locked_age=<REPO_ROOT>/packages/MertFormer_Titan_OnyxStorm_v1.0_B30_Locked.secure.age
locked_sha256=
[run] step=zip_denylist_audit zip=packages/MertFormer_Titan_OnyxStorm_v1.0_B30_Release.zip
{
  "zip_path": "packages/MertFormer_Titan_OnyxStorm_v1.0_B30_Release.zip",
  "ok": true,
  "deny_hits": [],
  "secret_hits": [],
  "deny_count": 0,
  "secret_count": 0
}
[run] step=secret_scan
OK: no secret patterns detected in tracked files.
[run] end_utc=2026-03-07T18:44:33Z
